[advensys-conseil.lu/index.html]
[backblue.gif]
[fade.gif]
[index.html]
[advensys-conseil.lu/wp-content/cache/wpfc-minified/3neqgim/60492.css]
[static.addtoany.com/menu/page.js]
[advensys-conseil.lu/wp-content/cache/wpfc-minified/6ofxew/60492.js]
[advensys-conseil.lu/wp-content/cache/wpfc-minified/9h9fadv1/60492.js]
[advensys-conseil.lu/wp-content/plugins/wpglobus/flags/fr.png]
[advensys-conseil.lu/wp-content/plugins/wpglobus/flags/us.png]
[advensys-conseil.lu/wp-content/uploads/2020/03/favicon.ico]
[advensys-conseil.lu/wp-content/cache/wpfc-minified/9iiasxt9/60492.css]
[advensys-conseil.lu/wp-content/plugins/wp-fastest-cache-premium/pro/images/blank.gif]
[advensys-conseil.lu/wp-content/cache/wpfc-minified/77x30pdw/604md.js]
[advensys-conseil.lu/wp-content/cache/wpfc-minified/32qbenfp/60492.js]
[advensys-conseil.lu/en/index.html]
[advensys-conseil.lu/about/index.html]
[advensys-conseil.lu/main-page/services/for-private-people-luxembourg/index.html]
[advensys-conseil.lu/index.html]
[advensys-conseil.lu/main-page/services/accounting/index.html]
[advensys-conseil.lu/wp-content/cache/wpfc-minified/11q21opo/60a58.js]
[advensys-conseil.lu/main-page/services/coaching/index.html]
[advensys-conseil.lu/main-page/services/index.html]
[advensys-conseil.lu/wp-content/plugins/formidable/images/ajax_loader.gif]
[advensys-conseil.lu/wp-content/cache/wpfc-minified/3neqgim/60492.css]
[www.googletagmanager.com/gtm5445.html]
[advensys-conseil.lu/category/blog/index.html]
[advensys-conseil.lu/main-page/services/tax-advice/index.html]
[advensys-conseil.lu/contact/index.html]
[advensys-conseil.lu/en/index.html]
[advensys-conseil.lu/wp-content/themes/konseil/assets/img/icon/phone-header.svg]
[advensys-conseil.lu/wp-content/themes/konseil/assets/img/main-img.png]
[advensys-conseil.lu/wp-content/themes/konseil/assets/img/about/about-bg.png]
[advensys-conseil.lu/wp-content/themes/konseil/assets/img/testimonials/left.svg]
[advensys-conseil.lu/blog/business/the-advantages-and-disadvantages-of-incorporating-in-luxembourg/index.html]
[advensys-conseil.lu/wp-content/themes/konseil/assets/img/testimonials/right.svg]
[advensys-conseil.lu/blog/business/les-meilleurs-secteurs-pour-creer-une-entreprise-au-luxembourg/index.html]
[advensys-conseil.lu/wp-content/themes/konseil/assets/img/about/aboutbg.png]
[advensys-conseil.lu/wp-content/themes/konseil/assets/img/services/services.png]
[advensys-conseil.lu/blog/steps-for-setting-up-a-company-in-luxembourg/index.html]
[advensys-conseil.lu/wp-content/themes/konseil/assets/img/services/service-img-1.png]
[advensys-conseil.lu/en/about/index.html]
[advensys-conseil.lu/wp-content/themes/konseil/assets/img/services/service-img-1-hover.png]
[advensys-conseil.lu/en/main-page/services/index.html]
[advensys-conseil.lu/wp-content/themes/konseil/assets/img/services/service-img-2.png]
[advensys-conseil.lu/en/main-page/services/tax-advice/index.html]
[advensys-conseil.lu/en/main-page/services/coaching/index.html]
[advensys-conseil.lu/wp-content/themes/konseil/assets/img/services/service-img-2-hover.png]
[advensys-conseil.lu/en/main-page/services/for-private-people-luxembourg/index.html]
[advensys-conseil.lu/en/main-page/services/accounting/index.html]
[advensys-conseil.lu/wp-content/themes/konseil/assets/img/services/service-img-3.png]
[advensys-conseil.lu/en/contact/index.html]
[advensys-conseil.lu/wp-content/themes/konseil/assets/img/services/service-img-3-hover.png]
[advensys-conseil.lu/en/main-page/services/for-companies/index.html]
[advensys-conseil.lu/wp-content/themes/konseil/assets/img/services/service-img-4.png]
[advensys-conseil.lu/en/blog/business/the-advantages-and-disadvantages-of-incorporating-in-luxembourg/index.html]
[advensys-conseil.lu/wp-content/themes/konseil/assets/img/services/service-img-4-hover.png]
[advensys-conseil.lu/wp-content/themes/konseil/assets/img/services/service-img-5.png]
[advensys-conseil.lu/wp-content/themes/konseil/assets/img/services/service-img-5-hover.png]
[advensys-conseil.lu/wp-content/themes/konseil/assets/img/services/service-img-6.png]
[advensys-conseil.lu/wp-content/themes/konseil/assets/img/services/service-img-6-hover.png]
[advensys-conseil.lu/wp-content/themes/konseil/assets/img/discover/discover-bg.png]
[advensys-conseil.lu/wp-content/themes/konseil/assets/img/testimonials/tlsbg.png]
[advensys-conseil.lu/wp-content/themes/konseil/assets/img/testimonials/sota.svg]
[advensys-conseil.lu/wp-content/themes/konseil/assets/img/offer/bg-offer.png]
[advensys-conseil.lu/en/blog/business/les-meilleurs-secteurs-pour-creer-une-entreprise-au-luxembourg/index.html]
[advensys-conseil.lu/wp-content/themes/konseil/assets/img/offer/left.svg]
[advensys-conseil.lu/wp-content/themes/konseil/assets/img/offer/right.svg]
[advensys-conseil.lu/wp-content/themes/konseil/assets/img/footer/footer-bg.png]
[advensys-conseil.lu/en/blog/steps-for-setting-up-a-company-in-luxembourg/index.html]
[advensys-conseil.lu/wp-content/themes/konseil/assets/img/footer/footer-bg-box.png]
[advensys-conseil.lu/wp-content/themes/konseil/assets/img/footer/phone.svg]
[advensys-conseil.lu/wp-content/themes/konseil/assets/img/footer/whatapp.svg]
[advensys-conseil.lu/wp-content/themes/konseil/assets/img/footer/mail.svg]
[advensys-conseil.lu/wp-content/themes/konseil/assets/img/footer/phoneW.svg]
[advensys-conseil.lu/wp-content/themes/konseil/assets/img/footer/whatappW.svg]
[advensys-conseil.lu/wp-content/themes/konseil/assets/img/footer/emailW.svg]
[advensys-conseil.lu/wp-content/themes/konseil/assets/img/for-companiens/for-companion-3.png]
[advensys-conseil.lu/wp-content/themes/konseil/assets/img/for-companiens/line-first.svg]
[advensys-conseil.lu/wp-content/themes/konseil/assets/img/for-companiens/for-companion-best-2.png]
[advensys-conseil.lu/wp-content/themes/konseil/assets/img/for-companiens/line-2.svg]
[advensys-conseil.lu/wp-content/themes/konseil/assets/img/for-companiens/for-companion-best.png]
[advensys-conseil.lu/wp-content/themes/konseil/assets/img/tax-device/BG.png]
[advensys-conseil.lu/wp-content/themes/konseil/assets/img/coaching/Line9.png]
[advensys-conseil.lu/wp-content/themes/konseil/assets/img/tax-device/tax-img-1.png]
[advensys-conseil.lu/wp-content/themes/konseil/assets/img/Private.png]
[advensys-conseil.lu/wp-content/themes/konseil/assets/img/tax-device/sota-2.png]
[advensys-conseil.lu/wp-content/themes/konseil/assets/img/tax-device/about-img.png]
[advensys-conseil.lu/wp-content/themes/konseil/assets/img/acc/BG1.png]
[advensys-conseil.lu/wp-content/themes/konseil/assets/img/coaching/crown.svg]
[advensys-conseil.lu/wp-content/themes/konseil/assets/img/coaching/like.svg]
[advensys-conseil.lu/wp-content/themes/konseil/assets/img/coaching/cross.svg]
[advensys-conseil.lu/wp-content/themes/konseil/assets/img/coaching/ask.svg]
[advensys-conseil.lu/wp-content/themes/konseil/assets/img/contact-services/contact-bg2.png]
[advensys-conseil.lu/wp-content/themes/konseil/assets/img/contact-services/line.svg]
[advensys-conseil.lu/wp-content/themes/konseil/assets/img/contact-services/services-bg2.png]
[advensys-conseil.lu/wp-content/themes/konseil/assets/img/trt.svg]
[advensys-conseil.lu/wp-content/cache/wpfc-minified/9iiasxt9/60492.css]
[advensys-conseil.lu/wp-content/uploads/2023/06/infograph2023.png]
[advensys-conseil.lu/wp-content/themes/konseil/assets/img/bg.svg]
[advensys-conseil.lu/about/index.html]
[advensys-conseil.lu/main-page/services/index.html]
[advensys-conseil.lu/main-page/services/for-private-people-luxembourg/index.html]
[advensys-conseil.lu/main-page/services/accounting/index.html]
[advensys-conseil.lu/main-page/services/tax-advice/index.html]
[advensys-conseil.lu/main-page/services/coaching/index.html]
[advensys-conseil.lu/wp-content/themes/konseil/assets/img/business.png]
[advensys-conseil.lu/category/blog/index.html]
[advensys-conseil.lu/category/blog/page/2/index.html]
[advensys-conseil.lu/wp-content/themes/konseil/assets/img/contact-services/contactsbg1920.svg]
[advensys-conseil.lu/contact/index.html]
[advensys-conseil.lu/2051-2/index.html]
[advensys-conseil.lu/en/category/blog/index.html]
[advensys-conseil.lu/fr/about/index.html]
[advensys-conseil.lu/category/blog/accounting/index.html]
[advensys-conseil.lu/category/blog/business/index.html]
[advensys-conseil.lu/fr/main-page/services/for-private-people-luxembourg/index.html]
[advensys-conseil.lu/category/blog/coaching/index.html]
[advensys-conseil.lu/fr/main-page/services/accounting/index.html]
[advensys-conseil.lu/category/blog/taxes/index.html]
[advensys-conseil.lu/category/blog/fund/index.html]
[advensys-conseil.lu/tag/businessinluxembourg/index.html]
[advensys-conseil.lu/fr/main-page/services/tax-advice/index.html]
[advensys-conseil.lu/fr/main-page/services/coaching/index.html]
[advensys-conseil.lu/tag/businessluxembourg/index.html]
[advensys-conseil.lu/tag/entrepriseauluxembourg/index.html]
[advensys-conseil.lu/tag/entrepriseluxembourg/index.html]
[advensys-conseil.lu/wp-content/uploads/2023/05/architecture-g2fdc1b839_1280.jpg]
[advensys-conseil.lu/tag/business/index.html]
[advensys-conseil.lu/tag/demarrer-son-entreprise/index.html]
[advensys-conseil.lu/tag/entreprise/index.html]
[www.google.com/recaptcha/api97a4.js]
[advensys-conseil.lu/blog/business/the-advantages-and-disadvantages-of-incorporating-in-luxembourg/index.html]
[advensys-conseil.lu/wp-content/cache/wpfc-minified/2fqekpdt/60492.js]
[advensys-conseil.lu/tag/luxembourg-business/index.html]
[advensys-conseil.lu/tag/business-in-luxembourg/index.html]
[advensys-conseil.lu/tag/demarrer-son-entreprise-au-luxembourg/index.html]
[advensys-conseil.lu/blog/how-to-improve-your-management-skills/index.html]
[advensys-conseil.lu/wp-content/uploads/2023/03/low-angle-grayscale-shot-business-building.jpg]
[advensys-conseil.lu/blog/business/les-meilleurs-secteurs-pour-creer-une-entreprise-au-luxembourg/index.html]
[advensys-conseil.lu/blog/accounting-internal-or-accounting-external/index.html]
[advensys-conseil.lu/wp-content/uploads/2022/09/handshake-business-men-concept-e1663338389220.jpg]
[advensys-conseil.lu/blog/steps-for-setting-up-a-company-in-luxembourg/index.html]
[advensys-conseil.lu/category/blog/page/3/index.html]
[advensys-conseil.lu/category/blog/page/4/index.html]
[advensys-conseil.lu/en/about/index.html]
[advensys-conseil.lu/en/main-page/services/index.html]
[advensys-conseil.lu/en/main-page/services/for-private-people-luxembourg/index.html]
[advensys-conseil.lu/en/main-page/services/accounting/index.html]
[advensys-conseil.lu/en/main-page/services/tax-advice/index.html]
[advensys-conseil.lu/main-page/services/for-companies/index.html]
[advensys-conseil.lu/en/main-page/services/coaching/index.html]
[advensys-conseil.lu/en/category/index.html]
[advensys-conseil.lu/en/contact/index.html]
[advensys-conseil.lu/en/2051-2/index.html]
[advensys-conseil.lu/en/main-page/services/for-companies/index.html]
[advensys-conseil.lu/en/main-page/services/for-fund/index.html]
[advensys-conseil.lu/en/blog/business/the-advantages-and-disadvantages-of-incorporating-in-luxembourg/index.html]
[advensys-conseil.lu/en/blog/business/les-meilleurs-secteurs-pour-creer-une-entreprise-au-luxembourg/index.html]
[advensys-conseil.lu/en/category/blog/business/index.html]
[advensys-conseil.lu/en/blog/steps-for-setting-up-a-company-in-luxembourg/index.html]
[advensys-conseil.lu/en/category/blog/coaching/index.html]
[advensys-conseil.lu/wp-content/themes/konseil/assets/img/icon/phone-header.svg]
[advensys-conseil.lu/en/category/blog/accounting/index.html]
[advensys-conseil.lu/wp-content/themes/konseil/assets/img/testimonials/left.svg]
[advensys-conseil.lu/en/category/blog/taxes/index.html]
[advensys-conseil.lu/en/category/blog/fund/index.html]
[advensys-conseil.lu/wp-content/themes/konseil/assets/img/testimonials/right.svg]
[advensys-conseil.lu/wp-content/themes/konseil/assets/img/testimonials/sota.svg]
[advensys-conseil.lu/wp-content/themes/konseil/assets/img/offer/left.svg]
[advensys-conseil.lu/en/blog/how-to-improve-your-management-skills/index.html]
[advensys-conseil.lu/wp-content/themes/konseil/assets/img/offer/right.svg]
[advensys-conseil.lu/wp-content/themes/konseil/assets/img/footer/phone.svg]
[advensys-conseil.lu/wp-content/themes/konseil/assets/img/footer/whatapp.svg]
[advensys-conseil.lu/wp-content/themes/konseil/assets/img/footer/mail.svg]
[advensys-conseil.lu/wp-content/themes/konseil/assets/img/footer/phoneW.svg]
[advensys-conseil.lu/wp-content/themes/konseil/assets/img/footer/whatappW.svg]
[advensys-conseil.lu/wp-content/themes/konseil/assets/img/footer/emailW.svg]
[advensys-conseil.lu/wp-content/themes/konseil/assets/img/for-companiens/line-first.svg]
[advensys-conseil.lu/wp-content/themes/konseil/assets/img/for-companiens/line-2.svg]
[advensys-conseil.lu/wp-content/themes/konseil/assets/img/coaching/crown.svg]
[advensys-conseil.lu/wp-content/themes/konseil/assets/img/coaching/like.svg]
[advensys-conseil.lu/wp-content/themes/konseil/assets/img/coaching/cross.svg]
[advensys-conseil.lu/wp-content/themes/konseil/assets/img/coaching/ask.svg]
[advensys-conseil.lu/wp-content/themes/konseil/assets/img/contact-services/line.svg]
[advensys-conseil.lu/wp-content/themes/konseil/assets/img/trt.svg]
[advensys-conseil.lu/index0d0b.html]
[advensys-conseil.lu/fr/index.html]
[advensys-conseil.lu/about/www.made-in-luxembourg.html]
[advensys-conseil.lu/wp-content/themes/konseil/assets/img/bg.svg]
[advensys-conseil.lu/index8c34.html]
[advensys-conseil.lu/fr/main-page/services/for-companies/index.html]
[advensys-conseil.lu/fr/main-page/services/for-fund/index.html]
[advensys-conseil.lu/indexd06c.html]
[advensys-conseil.lu/index3dc6.html]
[advensys-conseil.lu/indexa8b8.html]
[advensys-conseil.lu/index88a0.html]
[advensys-conseil.lu/category/blog/page/2/index.html]
[advensys-conseil.lu/en/category/blog/page/2/index.html]
[advensys-conseil.lu/en/category/blog/index.html]
[advensys-conseil.lu/blog/successful-new-product/index.html]
[advensys-conseil.lu/blog/advantages-of-setting-up-your-company-in-luxembourg/index.html]
[advensys-conseil.lu/category/blog/business/index.html]
[advensys-conseil.lu/blog/business-coaching-introduction-and-qa/index.html]
[advensys-conseil.lu/category/blog/coaching/index.html]
[advensys-conseil.lu/category/blog/accounting/index.html]
[advensys-conseil.lu/blog/how-to-become-entrepreneur/index.html]
[advensys-conseil.lu/category/blog/taxes/index.html]
[advensys-conseil.lu/blog/statistics-business-coaching-9-reasons/index.html]
[advensys-conseil.lu/category/blog/fund/index.html]
[advensys-conseil.lu/index5dc0.html]
[advensys-conseil.lu/en/blog/accounting-internal-or-accounting-external/index.html]
[advensys-conseil.lu/en/category/blog/page/3/index.html]
[advensys-conseil.lu/tag/businessinluxembourg/index.html]
[advensys-conseil.lu/en/category/blog/page/4/index.html]
[advensys-conseil.lu/category/blog/business/page/2/index.html]
[advensys-conseil.lu/tag/businessluxembourg/index.html]
[advensys-conseil.lu/tag/entrepriseauluxembourg/index.html]
[advensys-conseil.lu/tag/coaching/index.html]
[advensys-conseil.lu/category/blog/business/page/3/index.html]
[advensys-conseil.lu/tag/entrepriseluxembourg/index.html]
[advensys-conseil.lu/blog/my-passion-is-accounting-and-tax-returns-miodrag-milic/index.html]
[advensys-conseil.lu/index0f21.html]
[advensys-conseil.lu/blog/revealed-the-top-100-places-to-start-a-business-outside-of-london-2/index.html]
[advensys-conseil.lu/tag/accounting/index.html]
[advensys-conseil.lu/tag/business/index.html]
[advensys-conseil.lu/blog/5-conseils-pour-choisir-le-cabinet-comptable-parfait-pour-vous/index.html]
[advensys-conseil.lu/tag/business-in-luxembourg/index.html]
[advensys-conseil.lu/blog/my-passion-is-accounting-andreia-dias/index.html]
[advensys-conseil.lu/tag/blog/index.html]
[advensys-conseil.lu/tag/demarrer-son-entreprise/index.html]
[advensys-conseil.lu/blog/les-avantages-de-la-comptabilite-informatisee/index.html]
[advensys-conseil.lu/tag/demarrer-son-entreprise-au-luxembourg/index.html]
[advensys-conseil.lu/blog/luxembourg-tax-return-for-individuals-deduction/index.html]
[advensys-conseil.lu/tag/entreprise/index.html]
[advensys-conseil.lu/tag/luxembourg-business/index.html]
[advensys-conseil.lu/category/fund/index.html]
[advensys-conseil.lu/en/tag/businessinluxembourg/index.html]
[advensys-conseil.lu/index2b19.html]
[advensys-conseil.lu/tag/taxes/index.html]
[advensys-conseil.lu/en/tag/businessluxembourg/index.html]
[advensys-conseil.lu/blog/luxembourg-tax-return-for-individuals-list-of-documents/index.html]
[advensys-conseil.lu/en/tag/entrepriseauluxembourg/index.html]
[advensys-conseil.lu/en/tag/entrepriseluxembourg/index.html]
[advensys-conseil.lu/en/tag/business/index.html]
[advensys-conseil.lu/wp-content/uploads/2022/05/management-kills-improving-e1652342413722.jpg]
[advensys-conseil.lu/blog/how-to-improve-your-management-skills/index.html]
[advensys-conseil.lu/index1ab1.html]
[advensys-conseil.lu/blog/what-are-the-5-ps-of-marketing/index.html]
[advensys-conseil.lu/blog/why-luxembourg-is-your-payment-hub-in-the-eu/index.html]
[advensys-conseil.lu/en/tag/business-in-luxembourg/index.html]
[advensys-conseil.lu/wp-content/uploads/2022/04/accounting-e1650531220563.png]
[advensys-conseil.lu/blog/accounting-internal-or-accounting-external/index.html]
[advensys-conseil.lu/index204c.html]
[advensys-conseil.lu/category/blog/page/3/index.html]
[advensys-conseil.lu/en/tag/demarrer-son-entreprise/index.html]
[advensys-conseil.lu/en/tag/demarrer-son-entreprise-au-luxembourg/index.html]
[advensys-conseil.lu/en/tag/entreprise/index.html]
[advensys-conseil.lu/category/blog/page/4/index.html]
[advensys-conseil.lu/index3ba0.html]
[advensys-conseil.lu/wp-content/themes/konseil/assets/img/contact-services/contactsbg1920.svg]
[advensys-conseil.lu/index5b4f.html]
[advensys-conseil.lu/xmlrpc.php]
[advensys-conseil.lu/fr/category/blog/index.html]
[advensys-conseil.lu/indexa693.html]
[advensys-conseil.lu/indexff9a.html]
[advensys-conseil.lu/en/index0d0b.html]
[advensys-conseil.lu/en/about/www.made-in-luxembourg.html]
[advensys-conseil.lu/en/index8c34.html]
[advensys-conseil.lu/main-page/services/for-companies/index.html]
[advensys-conseil.lu/main-page/services/for-fund/index.html]
[advensys-conseil.lu/en/indexd06c.html]
[advensys-conseil.lu/blog/business/portage-salarial-luxembourg-une-solution-optimale/index.html]
[advensys-conseil.lu/en/index3dc6.html]
[advensys-conseil.lu/en/indexa8b8.html]
[advensys-conseil.lu/en/index88a0.html]
[advensys-conseil.lu/en/index3ba0.html]
[advensys-conseil.lu/en/index9fa1.html]
[advensys-conseil.lu/en/index5b4f.html]
[advensys-conseil.lu/en/category/blog/business/index.html]
[advensys-conseil.lu/en/tag/luxembourg-business/index.html]
[advensys-conseil.lu/en/category/blog/coaching/index.html]
[advensys-conseil.lu/en/category/blog/business/page/3/index.html]
[advensys-conseil.lu/en/category/blog/business/page/2/index.html]
[advensys-conseil.lu/en/category/blog/accounting/index.html]
[advensys-conseil.lu/en/blog/business-coaching-introduction-and-qa/index.html]
[advensys-conseil.lu/en/blog/statistics-business-coaching-9-reasons/index.html]
[advensys-conseil.lu/en/category/blog/taxes/index.html]
[advensys-conseil.lu/en/category/blog/fund/index.html]
[advensys-conseil.lu/en/blog/revealed-the-top-100-places-to-start-a-business-outside-of-london-2/index.html]
[advensys-conseil.lu/en/index5dc0.html]
[advensys-conseil.lu/en/blog/my-passion-is-accounting-and-tax-returns-miodrag-milic/index.html]
[advensys-conseil.lu/en/tag/index.html]
[advensys-conseil.lu/en/indexa693.html]
[advensys-conseil.lu/en/blog/my-passion-is-accounting-andreia-dias/index.html]
[advensys-conseil.lu/en/blog/5-conseils-pour-choisir-le-cabinet-comptable-parfait-pour-vous/index.html]
[advensys-conseil.lu/en/index0f21.html]
[advensys-conseil.lu/en/blog/les-avantages-de-la-comptabilite-informatisee/index.html]
[advensys-conseil.lu/en/indexff9a.html]
[advensys-conseil.lu/en/blog/luxembourg-tax-return-for-individuals-deduction/index.html]
[advensys-conseil.lu/en/index2b19.html]
[advensys-conseil.lu/en/blog/how-to-improve-your-management-skills/index.html]
[advensys-conseil.lu/en/blog/luxembourg-tax-return-for-individuals-list-of-documents/index.html]
[advensys-conseil.lu/en/category/blog/page/2/index.html]
[advensys-conseil.lu/en/category/fund/index.html]
[advensys-conseil.lu/en/blog/successful-new-product/index.html]
[advensys-conseil.lu/en/blog/advantages-of-setting-up-your-company-in-luxembourg/index.html]
[advensys-conseil.lu/wp-content/uploads/2022/04/new-product-e1650467721711.png]
[advensys-conseil.lu/blog/successful-new-product/index.html]
[advensys-conseil.lu/index4aeb.html]
[advensys-conseil.lu/en/blog/how-to-become-entrepreneur/index.html]
[advensys-conseil.lu/wp-content/uploads/2022/04/map-luxembourg-polygonal-mesh-line-map-flag-map-e1649770072146.png]
[advensys-conseil.lu/blog/advantages-of-setting-up-your-company-in-luxembourg/index.html]
[advensys-conseil.lu/indexe727.html]
[advensys-conseil.lu/wp-content/uploads/2022/04/coaching-e1649065526363.png]
[advensys-conseil.lu/blog/business-coaching-introduction-and-qa/index.html]
[advensys-conseil.lu/index36f4.html]
[advensys-conseil.lu/wp-content/uploads/2022/03/9-reasons-for-technology-e1648473209644.jpg]
[advensys-conseil.lu/blog/statistics-business-coaching-9-reasons/index.html]
[advensys-conseil.lu/index77fa.html]
[advensys-conseil.lu/wp-content/uploads/2022/03/7steps-entrepeneur-e1647878999392.png]
[advensys-conseil.lu/blog/how-to-become-entrepreneur/index.html]
[advensys-conseil.lu/indexb715.html]
[advensys-conseil.lu/category/blog/page/1/index.html]
[advensys-conseil.lu/en/index1ab1.html]
[advensys-conseil.lu/en/blog/accounting-internal-or-accounting-external/index.html]
[advensys-conseil.lu/en/index204c.html]
[advensys-conseil.lu/en/category/blog/page/3/index.html]
[advensys-conseil.lu/en/category/blog/page/4/index.html]
[advensys-conseil.lu/category/blog/business/page/2/index.html]
[advensys-conseil.lu/en/blog/what-are-the-5-ps-of-marketing/index.html]
[advensys-conseil.lu/category/blog/business/page/3/index.html]
[advensys-conseil.lu/en/blog/why-luxembourg-is-your-payment-hub-in-the-eu/index.html]
[advensys-conseil.lu/wp-content/uploads/2020/02/img-post-blog.png]
[advensys-conseil.lu/blog/revealed-the-top-100-places-to-start-a-business-outside-of-london-2/index.html]
[advensys-conseil.lu/indexd146.html]
[advensys-conseil.lu/tag/coaching/index.html]
[advensys-conseil.lu/en/tag/coaching/index.html]
[advensys-conseil.lu/wp-content/uploads/2021/02/consulting-co-working-business-team-meeting-planning-strategy-analysis-investment_18497-1099.jpg]
[advensys-conseil.lu/blog/my-passion-is-accounting-and-tax-returns-miodrag-milic/index.html]
[advensys-conseil.lu/indexf983.html]
[advensys-conseil.lu/tag/accounting/index.html]
[advensys-conseil.lu/wp-content/uploads/2021/02/businesswomen-reviewing-results_1098-1682.jpg]
[advensys-conseil.lu/blog/my-passion-is-accounting-andreia-dias/index.html]
[advensys-conseil.lu/index5bfe.html]
[advensys-conseil.lu/tag/blog/index.html]
[advensys-conseil.lu/en/tag/accounting/index.html]
[advensys-conseil.lu/en/tag/blog/index.html]
[advensys-conseil.lu/wp-content/uploads/2021/02/5-conseils-pour-choisir-le-cabinet-comptable-parfait-pour-vous-e1612969117827.png]
[advensys-conseil.lu/blog/5-conseils-pour-choisir-le-cabinet-comptable-parfait-pour-vous/index.html]
[advensys-conseil.lu/index66ff.html]
[advensys-conseil.lu/wp-content/uploads/2020/03/2418778-scaled-e1583748068758.jpg]
[advensys-conseil.lu/blog/les-avantages-de-la-comptabilite-informatisee/index.html]
[advensys-conseil.lu/index225d.html]
[advensys-conseil.lu/wp-content/uploads/2020/03/126-scaled-e1583833836541.jpg]
[advensys-conseil.lu/blog/luxembourg-tax-return-for-individuals-deduction/index.html]
[advensys-conseil.lu/indexd632.html]
[advensys-conseil.lu/tag/taxes/index.html]
[advensys-conseil.lu/wp-content/uploads/2020/03/whatsapp-image-2020-01-22-at-12.02.07-e1583747745519.jpg]
[advensys-conseil.lu/blog/luxembourg-tax-return-for-individuals-list-of-documents/index.html]
[advensys-conseil.lu/en/tag/taxes/index.html]
[advensys-conseil.lu/indexc3af.html]
[advensys-conseil.lu/category/fund/index.html]
[advensys-conseil.lu/en/tag/businessinluxembourg/index.html]
[advensys-conseil.lu/en/tag/businessluxembourg/index.html]
[advensys-conseil.lu/en/tag/entrepriseauluxembourg/index.html]
[advensys-conseil.lu/en/tag/entrepriseluxembourg/index.html]
[advensys-conseil.lu/en/tag/business/index.html]
[advensys-conseil.lu/wp-content/uploads/2022/03/wepik-2022215-113111-e1647340718211.png]
[advensys-conseil.lu/blog/what-are-the-5-ps-of-marketing/index.html]
[advensys-conseil.lu/indexa7f4.html]
[advensys-conseil.lu/wp-content/uploads/2020/03/5600-scaled-e1583832657337.jpg]
[advensys-conseil.lu/blog/why-luxembourg-is-your-payment-hub-in-the-eu/index.html]
[advensys-conseil.lu/indexe96f.html]
[advensys-conseil.lu/en/tag/business-in-luxembourg/index.html]
[advensys-conseil.lu/en/tag/demarrer-son-entreprise/index.html]
[advensys-conseil.lu/en/tag/demarrer-son-entreprise-au-luxembourg/index.html]
[advensys-conseil.lu/en/tag/entreprise/index.html]
[advensys-conseil.lu/en/tag/luxembourg-business/index.html]
[advensys-conseil.lu/indexd6bf.html]
[advensys-conseil.lu/indexbdfb.html]
[advensys-conseil.lu/index9fa1.html]
[advensys-conseil.lu/en/category/blog/business/page/2/index.html]
[advensys-conseil.lu/en/category/blog/business/page/3/index.html]
[advensys-conseil.lu/en/blog/business-coaching-introduction-and-qa/index.html]
[advensys-conseil.lu/en/index36f4.html]
[advensys-conseil.lu/en/blog/statistics-business-coaching-9-reasons/index.html]
[advensys-conseil.lu/en/index77fa.html]
[advensys-conseil.lu/en/blog/revealed-the-top-100-places-to-start-a-business-outside-of-london-2/index.html]
[advensys-conseil.lu/en/indexd146.html]
[advensys-conseil.lu/en/blog/my-passion-is-accounting-and-tax-returns-miodrag-milic/index.html]
[advensys-conseil.lu/en/indexf983.html]
[advensys-conseil.lu/en/blog/my-passion-is-accounting-andreia-dias/index.html]
[advensys-conseil.lu/en/index5bfe.html]
[advensys-conseil.lu/en/blog/5-conseils-pour-choisir-le-cabinet-comptable-parfait-pour-vous/index.html]
[advensys-conseil.lu/en/index66ff.html]
[advensys-conseil.lu/en/blog/les-avantages-de-la-comptabilite-informatisee/index.html]
[advensys-conseil.lu/en/index225d.html]
[advensys-conseil.lu/en/blog/luxembourg-tax-return-for-individuals-deduction/index.html]
[advensys-conseil.lu/en/indexd632.html]
[advensys-conseil.lu/en/blog/luxembourg-tax-return-for-individuals-list-of-documents/index.html]
[advensys-conseil.lu/en/indexc3af.html]
[advensys-conseil.lu/en/category/fund/index.html]
[advensys-conseil.lu/en/indexd6bf.html]
[advensys-conseil.lu/en/blog/successful-new-product/index.html]
[advensys-conseil.lu/en/index4aeb.html]
[advensys-conseil.lu/en/blog/advantages-of-setting-up-your-company-in-luxembourg/index.html]
[advensys-conseil.lu/en/indexe727.html]
[advensys-conseil.lu/en/blog/how-to-become-entrepreneur/index.html]
[advensys-conseil.lu/en/indexb715.html]
[advensys-conseil.lu/en/category/blog/page/1/index.html]
[advensys-conseil.lu/index91b5.html]
[advensys-conseil.lu/index65c8.html]
[advensys-conseil.lu/index2cfd.html]
[advensys-conseil.lu/index0d4d.html]
[advensys-conseil.lu/index195c.html]
[advensys-conseil.lu/en/indexbdfb.html]
[advensys-conseil.lu/en/blog/what-are-the-5-ps-of-marketing/index.html]
[advensys-conseil.lu/en/indexa7f4.html]
[advensys-conseil.lu/en/blog/why-luxembourg-is-your-payment-hub-in-the-eu/index.html]
[advensys-conseil.lu/en/indexe96f.html]
[advensys-conseil.lu/category/blog/business/page/1/index.html]
[advensys-conseil.lu/indexae74.html]
[advensys-conseil.lu/en/tag/coaching/index.html]
[advensys-conseil.lu/index8fe5.html]
[advensys-conseil.lu/en/tag/accounting/index.html]
[advensys-conseil.lu/index99ea.html]
[advensys-conseil.lu/en/tag/blog/index.html]
[advensys-conseil.lu/index192b.html]
[advensys-conseil.lu/index821a.html]
[advensys-conseil.lu/indexefbf.html]
[advensys-conseil.lu/en/tag/taxes/index.html]
[advensys-conseil.lu/index342f.html]
[advensys-conseil.lu/indexe693.html]
[advensys-conseil.lu/en/index2cfd.html]
[advensys-conseil.lu/en/index0d4d.html]
[advensys-conseil.lu/en/indexae74.html]
[advensys-conseil.lu/en/index8fe5.html]
[advensys-conseil.lu/en/index99ea.html]
[advensys-conseil.lu/en/index192b.html]
[advensys-conseil.lu/en/index821a.html]
[advensys-conseil.lu/en/indexefbf.html]
[advensys-conseil.lu/en/index342f.html]
[advensys-conseil.lu/en/index91b5.html]
[advensys-conseil.lu/en/index65c8.html]
[advensys-conseil.lu/en/index195c.html]
[advensys-conseil.lu/en/indexe693.html]
[advensys-conseil.lu/en/indexac83.html]
[advensys-conseil.lu/indexac83.html]
[advensys-conseil.lu/en/category/blog/business/page/1/index.html]
